// Jest Snapshot v1, https://goo.gl/fbAQLP

exports[`snap resolver 1`] = `{}`;
